// Jest Snapshot v1, https://goo.gl/fbAQLP

exports[`<CostInput /> renders without crashing 1`] = `
<Styled(MuiBox)
  className="makeStyles-container-1"
>
  <WithStyles(ForwardRef(TextField))
    InputProps={
      Object {
        "inputComponent": [Function],
      }
    }
    className="makeStyles-currencyAmountField-2"
    id="someCost"
    label="some cost"
    onChange={[Function]}
    value={42}
  />
  <WithStyles(ForwardRef(TextField))
    InputProps={
      Object {
        "inputComponent": [Function],
      }
    }
    className="makeStyles-currencyAmountField-2"
    id="someCostCadRounding"
    label="Rounding"
    onChange={[Function]}
    value={0.42}
  />
</Styled(MuiBox)>
`;
