// Jest Snapshot v1, https://goo.gl/fbAQLP

exports[`<TechStackInfo /> renders 1`] = `
<WithStyles(ForwardRef(ExpansionPanel))
  defaultExpanded={true}
>
  <WithStyles(ForwardRef(ExpansionPanelSummary))
    expandIcon={
      <Memo
        aria-label="Expand"
      />
    }
  >
    <WithStyles(ForwardRef(Typography))
      color="inherit"
      variant="subtitle1"
    >
      Technology Stack
    </WithStyles(ForwardRef(Typography))>
  </WithStyles(ForwardRef(ExpansionPanelSummary))>
  <WithStyles(ForwardRef(ExpansionPanelDetails))
    className="makeStyles-details-3"
  >
    <WithStyles(ForwardRef(Avatar))
      alt="logo"
      className="makeStyles-logo-2"
      src="logo.svg"
    />
    <WithStyles(ForwardRef(List))>
      <WithStyles(ForwardRef(ListItem))
        dense={true}
      >
        <WithStyles(ForwardRef(ListItemText))
          primary="ReactJS"
        />
      </WithStyles(ForwardRef(ListItem))>
      <WithStyles(ForwardRef(ListItem))
        dense={true}
      >
        <WithStyles(ForwardRef(ListItemText))
          primary="Material-UI"
        />
      </WithStyles(ForwardRef(ListItem))>
      <WithStyles(ForwardRef(ListItem))
        dense={true}
      >
        <WithStyles(ForwardRef(ListItemText))
          primary="Node.js (and NPM)"
        />
      </WithStyles(ForwardRef(ListItem))>
    </WithStyles(ForwardRef(List))>
  </WithStyles(ForwardRef(ExpansionPanelDetails))>
</WithStyles(ForwardRef(ExpansionPanel))>
`;
