// Jest Snapshot v1, https://goo.gl/fbAQLP

exports[`<ExchangeRateInput /> renders without crashing 1`] = `
<WithStyles(ForwardRef(TextField))
  InputProps={
    Object {
      "inputComponent": [Function],
    }
  }
  className="makeStyles-exchangeRateField-1"
  id="someRate"
  label="some exchange rate"
  onChange={[Function]}
  value={4.2}
/>
`;
